\BOOKMARK [0][-]{dummy.1}{\376\377\000C\000E\000R\000T\000I\000F\000I\000C\000A\000T\000E}{}% 1
\BOOKMARK [0][-]{dummy.2}{\376\377\000B\000O\000N\000A\000F\000I\000D\000E\000\040\000C\000E\000R\000T\000I\000F\000I\000C\000A\000T\000E}{}% 2
\BOOKMARK [0][-]{dummy.3}{\376\377\000A\000C\000K\000N\000O\000W\000L\000E\000D\000G\000E\000M\000E\000N\000T}{}% 3
\BOOKMARK [0][-]{dummy.4}{\376\377\000D\000E\000C\000L\000A\000R\000A\000T\000I\000O\000N}{}% 4
\BOOKMARK [0][-]{dummy.5}{\376\377\000A\000B\000S\000T\000R\000A\000C\000T}{}% 5
\BOOKMARK [0][-]{dummy.7}{\376\377\000L\000I\000S\000T\000\040\000O\000F\000\040\000F\000I\000G\000U\000R\000E\000S}{}% 6
\BOOKMARK [0][-]{dummy.9}{\376\377\000L\000I\000S\000T\000\040\000O\000F\000\040\000T\000A\000B\000L\000E\000S}{}% 7
\BOOKMARK [0][-]{dummy.11}{\376\377\000G\000L\000O\000S\000S\000A\000R\000Y}{}% 8
\BOOKMARK [0][-]{chapter.12}{\376\377\0001\000\040\000I\000N\000T\000R\000O\000D\000U\000C\000T\000I\000O\000N}{}% 9
\BOOKMARK [1][-]{section.13}{\376\377\0001\000.\0001\000\040\000C\000o\000n\000t\000e\000x\000t\000\040\000a\000n\000d\000\040\000B\000a\000c\000k\000g\000r\000o\000u\000n\000d\000\040\000S\000t\000u\000d\000y}{chapter.12}% 10
\BOOKMARK [2][-]{subsection.14}{\376\377\0001\000.\0001\000.\0001\000\040\000T\000h\000e\000\040\000D\000i\000g\000i\000t\000a\000l\000\040\000F\000i\000n\000a\000n\000c\000i\000a\000l\000\040\000R\000e\000v\000o\000l\000u\000t\000i\000o\000n\000\040\000a\000n\000d\000\040\000I\000t\000s\000\040\000C\000h\000a\000l\000l\000e\000n\000g\000e\000s}{section.13}% 11
\BOOKMARK [2][-]{subsection.15}{\376\377\0001\000.\0001\000.\0002\000\040\000B\000l\000o\000c\000k\000c\000h\000a\000i\000n\000\040\000a\000n\000d\000\040\000B\000i\000t\000c\000o\000i\000n}{section.13}% 12
\BOOKMARK [2][-]{subsection.16}{\376\377\0001\000.\0001\000.\0003\000\040\000W\000h\000y\000\040\000T\000r\000a\000n\000s\000a\000c\000t\000i\000o\000n\000\040\000N\000e\000t\000w\000o\000r\000k\000s\000\040\000C\000a\000n\000\040\000B\000e\000\040\000M\000o\000d\000e\000l\000l\000e\000d\000\040\000a\000s\000\040\000G\000r\000a\000p\000h\000s}{section.13}% 13
\BOOKMARK [2][-]{subsection.17}{\376\377\0001\000.\0001\000.\0004\000\040\000T\000h\000e\000\040\000I\000m\000p\000o\000r\000t\000a\000n\000c\000e\000\040\000o\000f\000\040\000T\000e\000m\000p\000o\000r\000a\000l\000\040\000I\000n\000f\000o\000r\000m\000a\000t\000i\000o\000n\000\040\000i\000n\000\040\000A\000M\000L}{section.13}% 14
\BOOKMARK [2][-]{subsection.18}{\376\377\0001\000.\0001\000.\0005\000\040\000C\000r\000y\000p\000t\000o\000c\000u\000r\000r\000e\000n\000c\000y\000\040\000a\000n\000d\000\040\000B\000i\000t\000c\000o\000i\000n\000\040\040\024\000\040\000A\000\040\000C\000o\000n\000c\000e\000p\000t\000u\000a\000l\000\040\000O\000v\000e\000r\000v\000i\000e\000w}{section.13}% 15
\BOOKMARK [1][-]{section.21}{\376\377\0001\000.\0002\000\040\000N\000e\000e\000d\000\040\000A\000n\000a\000l\000y\000s\000i\000s}{chapter.12}% 16
\BOOKMARK [2][-]{subsection.22}{\376\377\0001\000.\0002\000.\0001\000\040\000L\000i\000m\000i\000t\000a\000t\000i\000o\000n\000s\000\040\000o\000f\000\040\000C\000o\000n\000v\000e\000n\000t\000i\000o\000n\000a\000l\000\040\000A\000M\000L\000\040\000A\000p\000p\000r\000o\000a\000c\000h\000e\000s}{section.21}% 17
\BOOKMARK [2][-]{subsection.29}{\376\377\0001\000.\0002\000.\0002\000\040\000I\000m\000p\000o\000r\000t\000a\000n\000c\000e\000\040\000o\000f\000\040\000A\000n\000t\000i\000-\000M\000o\000n\000e\000y\000\040\000L\000a\000u\000n\000d\000e\000r\000i\000n\000g}{section.21}% 18
\BOOKMARK [2][-]{subsection.30}{\376\377\0001\000.\0002\000.\0003\000\040\000W\000h\000y\000\040\000E\000x\000i\000s\000t\000i\000n\000g\000\040\000T\000o\000o\000l\000s\000\040\000F\000a\000l\000l\000\040\000S\000h\000o\000r\000t}{section.21}% 19
\BOOKMARK [2][-]{subsection.35}{\376\377\0001\000.\0002\000.\0004\000\040\000R\000e\000s\000e\000a\000r\000c\000h\000\040\000G\000a\000p}{section.21}% 20
\BOOKMARK [1][-]{section.38}{\376\377\0001\000.\0003\000\040\000P\000r\000o\000b\000l\000e\000m\000\040\000I\000d\000e\000n\000t\000i\000f\000i\000c\000a\000t\000i\000o\000n}{chapter.12}% 21
\BOOKMARK [2][-]{subsection.39}{\376\377\0001\000.\0003\000.\0001\000\040\000P\000r\000o\000b\000l\000e\000m\000\040\000S\000t\000a\000t\000e\000m\000e\000n\000t}{section.38}% 22
\BOOKMARK [1][-]{section.40}{\376\377\0001\000.\0004\000\040\000P\000r\000o\000b\000l\000e\000m\000\040\000F\000o\000r\000m\000u\000l\000a\000t\000i\000o\000n}{chapter.12}% 23
\BOOKMARK [2][-]{subsection.41}{\376\377\0001\000.\0004\000.\0001\000\040\000M\000o\000t\000i\000v\000a\000t\000i\000o\000n}{section.40}% 24
\BOOKMARK [2][-]{subsection.45}{\376\377\0001\000.\0004\000.\0002\000\040\000R\000e\000s\000e\000a\000r\000c\000h\000\040\000A\000i\000m}{section.40}% 25
\BOOKMARK [2][-]{subsection.46}{\376\377\0001\000.\0004\000.\0003\000\040\000O\000b\000j\000e\000c\000t\000i\000v\000e\000s}{section.40}% 26
\BOOKMARK [2][-]{subsection.47}{\376\377\0001\000.\0004\000.\0004\000\040\000S\000c\000o\000p\000e\000\040\000o\000f\000\040\000t\000h\000e\000\040\000S\000t\000u\000d\000y}{section.40}% 27
\BOOKMARK [2][-]{subsection.48}{\376\377\0001\000.\0004\000.\0005\000\040\000E\000x\000p\000e\000c\000t\000e\000d\000\040\000C\000o\000n\000t\000r\000i\000b\000u\000t\000i\000o\000n\000s}{section.40}% 28
\BOOKMARK [0][-]{chapter.53}{\376\377\0002\000\040\000L\000I\000T\000E\000R\000A\000T\000U\000R\000E\000\040\000S\000U\000R\000V\000E\000Y\000\040\000A\000N\000D\000\040\000O\000B\000J\000E\000C\000T\000I\000V\000E\000S}{}% 29
\BOOKMARK [1][-]{section.54}{\376\377\0002\000.\0001\000\040\000C\000r\000i\000t\000i\000c\000a\000l\000\040\000R\000e\000v\000i\000e\000w\000\040\000o\000f\000\040\000L\000i\000t\000e\000r\000a\000t\000u\000r\000e}{chapter.53}% 30
\BOOKMARK [2][-]{subsection.55}{\376\377\0002\000.\0001\000.\0001\000\040\000A\000n\000t\000i\000-\000M\000o\000n\000e\000y\000\040\000L\000a\000u\000n\000d\000e\000r\000i\000n\000g\000\040\000u\000s\000i\000n\000g\000\040\000G\000r\000a\000p\000h\000\040\000C\000o\000n\000v\000o\000l\000u\000t\000i\000o\000n\000a\000l\000\040\000N\000e\000t\000w\000o\000r\000k\000s}{section.54}% 31
\BOOKMARK [2][-]{subsection.56}{\376\377\0002\000.\0001\000.\0002\000\040\000G\000r\000a\000p\000h\000\040\000A\000t\000t\000e\000n\000t\000i\000o\000n\000\040\000N\000e\000t\000w\000o\000r\000k\000s}{section.54}% 32
\BOOKMARK [2][-]{subsection.57}{\376\377\0002\000.\0001\000.\0003\000\040\000G\000r\000a\000p\000h\000S\000A\000G\000E\000\040\000a\000n\000d\000\040\000I\000n\000d\000u\000c\000t\000i\000v\000e\000\040\000L\000e\000a\000r\000n\000i\000n\000g}{section.54}% 33
\BOOKMARK [2][-]{subsection.58}{\376\377\0002\000.\0001\000.\0004\000\040\000T\000e\000m\000p\000o\000r\000a\000l\000\040\000G\000r\000a\000p\000h\000\040\000N\000e\000t\000w\000o\000r\000k\000s}{section.54}% 34
\BOOKMARK [2][-]{subsection.59}{\376\377\0002\000.\0001\000.\0005\000\040\000T\000e\000m\000p\000o\000r\000a\000l\000\040\000G\000r\000a\000p\000h\000\040\000A\000t\000t\000e\000n\000t\000i\000o\000n\000\040\000N\000e\000t\000w\000o\000r\000k\000s\000\040\000\050\000T\000G\000A\000T\000\051}{section.54}% 35
\BOOKMARK [2][-]{subsection.60}{\376\377\0002\000.\0001\000.\0006\000\040\000G\000N\000N\000-\000L\000S\000T\000M\000\040\000H\000y\000b\000r\000i\000d\000\040\000A\000p\000p\000r\000o\000a\000c\000h\000e\000s}{section.54}% 36
\BOOKMARK [2][-]{subsection.61}{\376\377\0002\000.\0001\000.\0007\000\040\000W\000a\000v\000e\000l\000e\000t\000\040\000a\000n\000d\000\040\000F\000r\000e\000q\000u\000e\000n\000c\000y\000-\000B\000a\000s\000e\000d\000\040\000T\000e\000m\000p\000o\000r\000a\000l\000\040\000G\000r\000a\000p\000h\000\040\000A\000p\000p\000r\000o\000a\000c\000h\000e\000s}{section.54}% 37
\BOOKMARK [2][-]{subsection.62}{\376\377\0002\000.\0001\000.\0008\000\040\000E\000x\000p\000l\000a\000i\000n\000a\000b\000l\000e\000\040\000G\000N\000N\000\040\000A\000p\000p\000r\000o\000a\000c\000h\000e\000s\000\040\000f\000o\000r\000\040\000A\000M\000L}{section.54}% 38
\BOOKMARK [1][-]{section.63}{\376\377\0002\000.\0002\000\040\000L\000i\000t\000e\000r\000a\000t\000u\000r\000e\000\040\000C\000o\000l\000l\000e\000c\000t\000i\000o\000n\000\040\000a\000n\000d\000\040\000S\000e\000g\000r\000e\000g\000a\000t\000i\000o\000n}{chapter.53}% 39
\BOOKMARK [1][-]{section.64}{\376\377\0002\000.\0003\000\040\000S\000u\000m\000m\000a\000r\000y\000\040\000o\000f\000\040\000L\000i\000t\000e\000r\000a\000t\000u\000r\000e}{chapter.53}% 40
\BOOKMARK [1][-]{section.65}{\376\377\0002\000.\0004\000\040\000I\000d\000e\000n\000t\000i\000f\000i\000c\000a\000t\000i\000o\000n\000\040\000o\000f\000\040\000G\000a\000p\000s}{chapter.53}% 41
\BOOKMARK [1][-]{section.71}{\376\377\0002\000.\0005\000\040\000N\000e\000e\000d\000\040\000f\000o\000r\000\040\000R\000e\000s\000e\000a\000r\000c\000h}{chapter.53}% 42
\BOOKMARK [1][-]{section.72}{\376\377\0002\000.\0006\000\040\000P\000r\000o\000b\000l\000e\000m\000\040\000S\000t\000a\000t\000e\000m\000e\000n\000t}{chapter.53}% 43
\BOOKMARK [1][-]{section.73}{\376\377\0002\000.\0007\000\040\000O\000b\000j\000e\000c\000t\000i\000v\000e\000s}{chapter.53}% 44
\BOOKMARK [1][-]{section.74}{\376\377\0002\000.\0008\000\040\000L\000i\000m\000i\000t\000a\000t\000i\000o\000n\000s\000\040\000o\000f\000\040\000t\000h\000e\000\040\000S\000t\000u\000d\000y}{chapter.53}% 45
\BOOKMARK [0][-]{chapter.80}{\376\377\0003\000\040\000P\000R\000O\000P\000O\000S\000E\000D\000\040\000M\000E\000T\000H\000O\000D\000O\000L\000O\000G\000Y}{}% 46
\BOOKMARK [1][-]{section.81}{\376\377\0003\000.\0001\000\040\000P\000r\000o\000b\000l\000e\000m\000\040\000F\000o\000r\000m\000u\000l\000a\000t\000i\000o\000n}{chapter.80}% 47
\BOOKMARK [1][-]{section.83}{\376\377\0003\000.\0002\000\040\000P\000r\000o\000p\000o\000s\000e\000d\000\040\000R\000e\000s\000e\000a\000r\000c\000h\000\040\000F\000r\000a\000m\000e\000w\000o\000r\000k}{chapter.80}% 48
\BOOKMARK [2][-]{subsection.84}{\376\377\0003\000.\0002\000.\0001\000\040\000O\000v\000e\000r\000a\000l\000l\000\040\000S\000y\000s\000t\000e\000m\000\040\000A\000r\000c\000h\000i\000t\000e\000c\000t\000u\000r\000e}{section.83}% 49
\BOOKMARK [1][-]{section.87}{\376\377\0003\000.\0003\000\040\000D\000a\000t\000a\000\040\000C\000o\000l\000l\000e\000c\000t\000i\000o\000n\000\040\000a\000n\000d\000\040\000P\000r\000e\000p\000r\000o\000c\000e\000s\000s\000i\000n\000g}{chapter.80}% 50
\BOOKMARK [2][-]{subsection.88}{\376\377\0003\000.\0003\000.\0001\000\040\000D\000a\000t\000a\000s\000e\000t\000\040\000S\000e\000l\000e\000c\000t\000i\000o\000n\000:\000\040\000T\000h\000e\000\040\000E\000l\000l\000i\000p\000t\000i\000c\000\040\000B\000i\000t\000c\000o\000i\000n\000\040\000D\000a\000t\000a\000s\000e\000t}{section.87}% 51
\BOOKMARK [2][-]{subsection.91}{\376\377\0003\000.\0003\000.\0002\000\040\000D\000a\000t\000a\000s\000e\000t\000\040\000F\000i\000l\000e\000s}{section.87}% 52
\BOOKMARK [2][-]{subsection.94}{\376\377\0003\000.\0003\000.\0003\000\040\000F\000e\000a\000t\000u\000r\000e\000\040\000S\000t\000r\000u\000c\000t\000u\000r\000e}{section.87}% 53
\BOOKMARK [2][-]{subsection.97}{\376\377\0003\000.\0003\000.\0004\000\040\000L\000a\000b\000e\000l\000\040\000D\000i\000s\000t\000r\000i\000b\000u\000t\000i\000o\000n}{section.87}% 54
\BOOKMARK [2][-]{subsection.100}{\376\377\0003\000.\0003\000.\0005\000\040\000T\000e\000m\000p\000o\000r\000a\000l\000\040\000S\000t\000r\000u\000c\000t\000u\000r\000e\000\040\000a\000n\000d\000\040\000C\000h\000r\000o\000n\000o\000l\000o\000g\000i\000c\000a\000l\000\040\000S\000p\000l\000i\000t\000s}{section.87}% 55
\BOOKMARK [2][-]{subsection.103}{\376\377\0003\000.\0003\000.\0006\000\040\000E\000x\000p\000l\000o\000r\000a\000t\000o\000r\000y\000\040\000D\000a\000t\000a\000\040\000A\000n\000a\000l\000y\000s\000i\000s}{section.87}% 56
\BOOKMARK [1][-]{section.108}{\376\377\0003\000.\0004\000\040\000A\000l\000g\000o\000r\000i\000t\000h\000m\000\040\000a\000n\000d\000\040\000M\000o\000d\000e\000l\000\040\000D\000e\000s\000i\000g\000n}{chapter.80}% 57
\BOOKMARK [2][-]{subsection.109}{\376\377\0003\000.\0004\000.\0001\000\040\000O\000b\000j\000e\000c\000t\000i\000v\000e\000\040\0001\000\040\040\024\000\040\000T\000e\000m\000p\000o\000r\000a\000l\000\040\000G\000r\000a\000p\000h\000\040\000C\000o\000n\000s\000t\000r\000u\000c\000t\000i\000o\000n}{section.108}% 58
\BOOKMARK [2][-]{subsection.117}{\376\377\0003\000.\0004\000.\0002\000\040\000O\000b\000j\000e\000c\000t\000i\000v\000e\000\040\0002\000\040\040\024\000\040\000L\000e\000a\000r\000n\000a\000b\000l\000e\000\040\000F\000o\000u\000r\000i\000e\000r\000\040\000T\000i\000m\000e\000\040\000E\000n\000c\000o\000d\000i\000n\000g}{section.108}% 59
\BOOKMARK [2][-]{subsection.123}{\376\377\0003\000.\0004\000.\0003\000\040\000O\000b\000j\000e\000c\000t\000i\000v\000e\000\040\0003\000\040\040\024\000\040\000T\000e\000m\000p\000o\000r\000a\000l\000\040\000G\000r\000a\000p\000h\000\040\000A\000t\000t\000e\000n\000t\000i\000o\000n\000\040\000N\000e\000t\000w\000o\000r\000k\000\040\000\050\000T\000G\000A\000T\000\051}{section.108}% 60
\BOOKMARK [3][-]{subsubsection.124}{\376\377\0003\000.\0004\000.\0003\000.\0001\000\040\000T\000e\000m\000p\000o\000r\000a\000l\000\040\000N\000e\000i\000g\000h\000b\000o\000u\000r\000h\000o\000o\000d\000\040\000a\000n\000d\000\040\000C\000a\000u\000s\000a\000l\000\040\000M\000a\000s\000k\000i\000n\000g}{subsection.123}% 61
\BOOKMARK [3][-]{subsubsection.126}{\376\377\0003\000.\0004\000.\0003\000.\0002\000\040\000T\000G\000A\000T\000\040\000L\000a\000y\000e\000r\000\040\000C\000o\000m\000p\000u\000t\000a\000t\000i\000o\000n}{subsection.123}% 62
\BOOKMARK [3][-]{subsubsection.133}{\376\377\0003\000.\0004\000.\0003\000.\0003\000\040\000M\000u\000l\000t\000i\000-\000P\000a\000t\000t\000e\000r\000n\000\040\000A\000M\000L\000\040\000D\000e\000t\000e\000c\000t\000i\000o\000n\000\040\000H\000e\000a\000d\000s}{subsection.123}% 63
\BOOKMARK [2][-]{subsection.144}{\376\377\0003\000.\0004\000.\0004\000\040\000O\000b\000j\000e\000c\000t\000i\000v\000e\000\040\0004\000\040\040\024\000\040\000P\000e\000r\000-\000P\000a\000t\000t\000e\000r\000n\000\040\000S\000u\000b\000g\000r\000a\000p\000h\000\040\000E\000x\000p\000l\000a\000i\000n\000a\000b\000i\000l\000i\000t\000y}{section.108}% 64
\BOOKMARK [3][-]{subsubsection.145}{\376\377\0003\000.\0004\000.\0004\000.\0001\000\040\000W\000h\000y\000\040\000E\000x\000p\000l\000a\000i\000n\000a\000b\000i\000l\000i\000t\000y\000\040\000i\000s\000\040\000N\000e\000c\000e\000s\000s\000a\000r\000y\000\040\000i\000n\000\040\000A\000M\000L}{subsection.144}% 65
\BOOKMARK [3][-]{subsubsection.146}{\376\377\0003\000.\0004\000.\0004\000.\0002\000\040\000G\000N\000N\000E\000x\000p\000l\000a\000i\000n\000e\000r}{subsection.144}% 66
\BOOKMARK [3][-]{subsubsection.148}{\376\377\0003\000.\0004\000.\0004\000.\0003\000\040\000P\000e\000r\000-\000P\000a\000t\000t\000e\000r\000n\000\040\000E\000v\000i\000d\000e\000n\000c\000e\000\040\000G\000e\000n\000e\000r\000a\000t\000i\000o\000n}{subsection.144}% 67
\BOOKMARK [1][-]{section.157}{\376\377\0003\000.\0005\000\040\000S\000y\000s\000t\000e\000m\000\040\000R\000e\000q\000u\000i\000r\000e\000m\000e\000n\000t\000s}{chapter.80}% 68
\BOOKMARK [0][-]{chapter.160}{\376\377\0004\000\040\000R\000E\000S\000U\000L\000T\000S\000\040\000A\000N\000D\000\040\000D\000I\000S\000C\000U\000S\000S\000I\000O\000N\000S}{}% 69
\BOOKMARK [1][-]{section.161}{\376\377\0004\000.\0001\000\040\000M\000a\000j\000o\000r\000\040\000F\000i\000n\000d\000i\000n\000g\000s\000\040\000f\000r\000o\000m\000\040\000L\000i\000t\000e\000r\000a\000t\000u\000r\000e}{chapter.160}% 70
\BOOKMARK [1][-]{section.169}{\376\377\0004\000.\0002\000\040\000S\000u\000m\000m\000a\000r\000y\000\040\000o\000f\000\040\000t\000h\000e\000\040\000P\000r\000o\000p\000o\000s\000e\000d\000\040\000D\000e\000s\000i\000g\000n}{chapter.160}% 71
\BOOKMARK [1][-]{section.174}{\376\377\0004\000.\0003\000\040\000P\000h\000a\000s\000e\000\040\0001\000\040\000I\000m\000p\000l\000e\000m\000e\000n\000t\000a\000t\000i\000o\000n\000\040\000R\000e\000s\000u\000l\000t\000s}{chapter.160}% 72
\BOOKMARK [2][-]{subsection.175}{\376\377\0004\000.\0003\000.\0001\000\040\000D\000a\000t\000a\000s\000e\000t\000\040\000P\000r\000e\000p\000a\000r\000a\000t\000i\000o\000n\000\040\000a\000n\000d\000\040\000G\000r\000a\000p\000h\000\040\000C\000o\000n\000s\000t\000r\000u\000c\000t\000i\000o\000n\000\040\000\050\000O\0001\000\051}{section.174}% 73
\BOOKMARK [2][-]{subsection.176}{\376\377\0004\000.\0003\000.\0002\000\040\000L\000e\000a\000r\000n\000a\000b\000l\000e\000\040\000F\000o\000u\000r\000i\000e\000r\000\040\000T\000i\000m\000e\000\040\000E\000n\000c\000o\000d\000i\000n\000g\000\040\000\050\000O\0002\000\051}{section.174}% 74
\BOOKMARK [2][-]{subsection.177}{\376\377\0004\000.\0003\000.\0003\000\040\000M\000u\000l\000t\000i\000-\000P\000a\000t\000t\000e\000r\000n\000\040\000T\000G\000A\000T\000\040\000A\000r\000c\000h\000i\000t\000e\000c\000t\000u\000r\000e\000\040\000\050\000O\0003\000\040\040\024\000\040\000P\000r\000e\000l\000i\000m\000i\000n\000a\000r\000y\000\051}{section.174}% 75
\BOOKMARK [2][-]{subsection.180}{\376\377\0004\000.\0003\000.\0004\000\040\000G\000N\000N\000E\000x\000p\000l\000a\000i\000n\000e\000r\000\040\000I\000n\000t\000e\000g\000r\000a\000t\000i\000o\000n\000\040\000\050\000O\0004\000\040\040\024\000\040\000I\000m\000p\000l\000e\000m\000e\000n\000t\000e\000d\000\051}{section.174}% 76
\BOOKMARK [1][-]{section.181}{\376\377\0004\000.\0004\000\040\000D\000i\000s\000c\000u\000s\000s\000i\000o\000n}{chapter.160}% 77
\BOOKMARK [2][-]{subsection.182}{\376\377\0004\000.\0004\000.\0001\000\040\000I\000m\000p\000o\000r\000t\000a\000n\000c\000e\000\040\000o\000f\000\040\000T\000e\000m\000p\000o\000r\000a\000l\000\040\000M\000o\000d\000e\000l\000l\000i\000n\000g}{section.181}% 78
\BOOKMARK [2][-]{subsection.183}{\376\377\0004\000.\0004\000.\0002\000\040\000I\000m\000p\000o\000r\000t\000a\000n\000c\000e\000\040\000o\000f\000\040\000L\000e\000a\000r\000n\000a\000b\000l\000e\000\040\000F\000r\000e\000q\000u\000e\000n\000c\000y\000\040\000E\000n\000c\000o\000d\000i\000n\000g}{section.181}% 79
\BOOKMARK [2][-]{subsection.184}{\376\377\0004\000.\0004\000.\0003\000\040\000M\000u\000l\000t\000i\000-\000P\000a\000t\000t\000e\000r\000n\000\040\000D\000e\000t\000e\000c\000t\000i\000o\000n\000\040\000D\000e\000s\000i\000g\000n\000\040\000R\000a\000t\000i\000o\000n\000a\000l\000e}{section.181}% 80
\BOOKMARK [2][-]{subsection.185}{\376\377\0004\000.\0004\000.\0004\000\040\000E\000x\000p\000l\000a\000i\000n\000a\000b\000i\000l\000i\000t\000y\000\040\000f\000o\000r\000\040\000A\000M\000L\000\040\000C\000o\000m\000p\000l\000i\000a\000n\000c\000e}{section.181}% 81
\BOOKMARK [2][-]{subsection.186}{\376\377\0004\000.\0004\000.\0005\000\040\000C\000u\000r\000r\000e\000n\000t\000\040\000P\000h\000a\000s\000e\000\040\0001\000\040\000L\000i\000m\000i\000t\000a\000t\000i\000o\000n\000s}{section.181}% 82
\BOOKMARK [0][-]{chapter.187}{\376\377\0005\000\040\000C\000O\000N\000C\000L\000U\000S\000I\000O\000N}{}% 83
\BOOKMARK [1][-]{section.188}{\376\377\0005\000.\0001\000\040\000P\000h\000a\000s\000e\000\040\0001\000\040\000S\000u\000m\000m\000a\000r\000y\000\040\000a\000n\000d\000\040\000C\000o\000n\000c\000l\000u\000s\000i\000o\000n\000s}{chapter.187}% 84
\BOOKMARK [1][-]{section.193}{\376\377\0005\000.\0002\000\040\000O\000b\000j\000e\000c\000t\000i\000v\000e\000-\000t\000o\000-\000M\000e\000t\000h\000o\000d\000\040\000M\000a\000p\000p\000i\000n\000g}{chapter.187}% 85
\BOOKMARK [1][-]{section.196}{\376\377\0005\000.\0003\000\040\000F\000u\000t\000u\000r\000e\000\040\000W\000o\000r\000k\000\040\040\024\000\040\000D\000i\000s\000s\000e\000r\000t\000a\000t\000i\000o\000n\000\040\000P\000h\000a\000s\000e\000\040\0002}{chapter.187}% 86
\BOOKMARK [0][-]{dummy.205}{\376\377\000B\000I\000B\000L\000I\000O\000G\000R\000A\000P\000H\000Y}{}% 87
\BOOKMARK [0][-]{appendix.207}{\376\377\000A\000\040\000S\000o\000u\000r\000c\000e\000\040\000C\000o\000d\000e\000:\000\040\000C\000o\000r\000e\000\040\000M\000o\000d\000e\000l\000\040\000C\000o\000m\000p\000o\000n\000e\000n\000t\000s}{}% 88
\BOOKMARK [0][-]{appendix.328}{\376\377\000B\000\040\000D\000a\000t\000a\000s\000e\000t\000\040\000S\000a\000m\000p\000l\000e\000\040\000a\000n\000d\000\040\000P\000a\000t\000t\000e\000r\000n\000\040\000L\000a\000b\000e\000l\000\040\000M\000i\000n\000i\000n\000g}{}% 89
